bun test v1.3.14 (0d9b296a)

test/unit/permissionEngine.test.ts:
Database connection String: postgres://lifeos:change_me_db_password@localhost:5432/org_db
(pass) Application Authorization & Entitlements Engine > Should deny access if the application is globally disabled [3.05ms]
(pass) Application Authorization & Entitlements Engine > Should allow access based on minJobLevel targeting rules if no entitlements exist [0.27ms]
(pass) Application Authorization & Entitlements Engine > Should block access based on minJobLevel targeting rules if job level is too low [0.53ms]
(pass) Application Authorization & Entitlements Engine > Explicit user-level GRANT entitlement should override targeting rules and permit access [0.58ms]
(pass) Application Authorization & Entitlements Engine > Explicit user-level DENY entitlement should override targeting rules and block access [0.38ms]

test/unit/oauth.test.ts:
(pass) OAuth Providers Profile Mapping > Google getProfile parses email and name correctly [0.31ms]
(pass) OAuth Providers Profile Mapping > GitHub getProfile handles public email and private email list fallback [0.53ms]
(pass) OAuth Providers Profile Mapping > Microsoft getProfile parses mail / userPrincipalName and displayName [0.41ms]
(pass) OAuth Providers Profile Mapping > Okta getProfile parses email and name [0.34ms]

test/unit/date.test.ts:
(pass) Database Timestamp Parser Utility > Should return Date object unchanged if input is a Date object [0.09ms]
(pass) Database Timestamp Parser Utility > Should parse timezone-less SQL timestamp strings as UTC [0.17ms]
(pass) Database Timestamp Parser Utility > Should parse T-separated timezone-less strings as UTC [0.06ms]
(pass) Database Timestamp Parser Utility > Should parse Z-terminated ISO strings as UTC [0.03ms]
(pass) Database Timestamp Parser Utility > Should parse timezone-offset strings according to offset [0.03ms]
(pass) Database Timestamp Parser Utility > Should parse timezone-offset strings with negative offset [0.04ms]

test/unit/relativeImports.test.ts:
(pass) Relative Import Enforcer > No code should use relative paths for imports/exports [16.08ms]

test/unit/session.test.ts:
(pass) Stateless Session Manager > Returns null if session_token cookie is missing [0.21ms]
(pass) Stateless Session Manager > Returns null if session_token cookie is malformed [0.52ms]
(pass) Stateless Session Manager > Returns decoded UserSession when session_token is valid [3.31ms]
(pass) Stateless Session Manager > decryptSessionWithExp returns payload and valid exp timestamp [0.64ms]

test/unit/devDashboard.test.ts:
(pass) SG Forge DevCenter Dashboard Server Router Pipeline > POST /api/auth with correct password sets auth session cookie [4.73ms]
(pass) SG Forge DevCenter Dashboard Server Router Pipeline > POST /api/auth with invalid password rejects with 401 [0.29ms]
(pass) SG Forge DevCenter Dashboard Server Router Pipeline > POST /api/logout clears dev_session cookie [0.17ms]
(pass) SG Forge DevCenter Dashboard Server Router Pipeline > Rejects unauthenticated API requests with 401 [0.22ms]
(pass) SG Forge DevCenter Dashboard Server Router Pipeline > Serves login/dashboard HTML screen for unauthenticated index page fetches [2.23ms]
(pass) SG Forge DevCenter Dashboard Server Router Pipeline > GET /api/status returns database statistics for authenticated users [6.72ms]
(pass) SG Forge DevCenter Dashboard Server Router Pipeline > GET /api/tables returns table schemas for metadata explorer [0.44ms]
(pass) SG Forge DevCenter Dashboard Server Router Pipeline > POST /api/query executes query console statement successfully [0.36ms]
(pass) SG Forge DevCenter Dashboard Server Router Pipeline > POST /api/query throws error for empty inputs [0.22ms]
(pass) SG Forge DevCenter Dashboard Server Router Pipeline > GET /dashboard.css serves stylesheet file [2.53ms]
(pass) SG Forge DevCenter Dashboard Server Router Pipeline > GET /dashboard.js serves client script file [6.21ms]
(pass) SG Forge DevCenter Dashboard Server Router Pipeline > POST /api/microservices/action validation works [0.29ms]
(pass) SG Forge DevCenter Dashboard Server Router Pipeline > POST /api/microservices/action with local React app in Docker mode [25.97ms]
(pass) SG Forge DevCenter Dashboard Server Router Pipeline > POST /api/microservices/action with missing container in Docker mode [150.94ms]
(pass) SG Forge DevCenter Dashboard Server Router Pipeline > GET /api/microservices/logs with missing container in Docker mode [25.20ms]

test/unit/queryEngine.test.ts:
(pass) Administrative Query Engine Sandbox > Allows read-only admin to execute safe SELECT queries [0.57ms]
(pass) Administrative Query Engine Sandbox > Blocks read-only admin from executing destructive queries (DROP) [0.11ms]
(pass) Administrative Query Engine Sandbox > Blocks read-only admin from executing destructive queries (DELETE) [0.07ms]
(pass) Administrative Query Engine Sandbox > Blocks read-only admin from executing destructive queries (ALTER) [0.09ms]
(pass) Administrative Query Engine Sandbox > Allows super_admin to execute destructive queries (DROP) [0.10ms]
(pass) Administrative Query Engine Sandbox > Allows super_admin to execute safe SELECT queries [0.10ms]
(pass) Administrative Query Engine Sandbox > Allows read-only admin to execute query with destructive keyword in a string literal [0.15ms]
(pass) Administrative Query Engine Sandbox > Allows read-only admin to execute query with destructive keyword in a comment [0.12ms]
(pass) Administrative Query Engine Sandbox > Blocks read-only admin from executing queries with hidden destructive keyword mixed with comments [0.15ms]

test/unit/rateLimiter.test.ts:
(pass) In-Memory Rate Limiter > Allows requests under the limit [1.43ms]
(pass) In-Memory Rate Limiter > Blocks requests exceeding the limit [0.15ms]
(pass) In-Memory Rate Limiter > Is namespace isolated [0.05ms]

test/unit/sudo.test.ts:
(pass) Sudo Elevation API Route Handler > GET returns not elevated status by default [0.89ms]
(pass) Sudo Elevation API Route Handler > POST with invalid credentials rejects [0.56ms]
Failed to log sudo elevation: 80 |     });
81 | 
82 |     // Write audit log entry
83 |     try {
84 |       const logUrl = new URL('/api/logs', request.url);
85 |       await fetch(logUrl, {
                 ^
error: Unable to connect. Is the computer able to access the url?
  path: "http://localhost/api/logs",
 errno: 0,
  code: "ConnectionRefused"

      at async POST (/home/sanket/Desktop/Sanket/org_website/core/src/frontend/app/api/auth/elevate/route.ts:85:13)
      at async <anonymous> (/home/sanket/Desktop/Sanket/org_website/test/unit/sudo.test.ts:87:23)

(pass) Sudo Elevation API Route Handler > POST with valid code (123456) elevates [2.39ms]

test/unit/healthCheck.test.ts:
[HEALTH CHECK] Starting periodic health monitoring cycle...
[HEALTH CHECK] App "Manager Ops" (manager-operations) is a local/static component -> ACTIVE
[HEALTH CHECK] App "Expenses Tracker" (reference-expenses) responds in 0ms -> ACTIVE
[HEALTH CHECK] Health monitoring cycle completed.
(pass) SG Forge Health Check Worker Pipeline > runHealthCheck correctly updates local static apps vs HTTP services [1.34ms]

test/unit/forgeSdk.test.ts:
(pass) Forge SDK Frontend Client > Initializes correctly and determines parent origin from referrer [0.19ms]
(pass) Forge SDK Frontend Client > notifyReady sends FORGE_APP_READY message to parent window [0.10ms]
(pass) Forge SDK Frontend Client > navigateParent sends FORGE_NAVIGATE message to parent window [0.09ms]
(pass) Forge SDK Frontend Client > onThemeChange executes callback and updates DOM theme attribute [0.21ms]
(pass) Forge SDK Frontend Client > onAuthToken executes callback with code and token payload [0.13ms]
(pass) Forge SDK Frontend Client > onLogout callback executes upon receiving FORGE_LOGOUT_EVENT [0.11ms]

test/integration/forge-sprint-b.test.ts:
Running App Manifest Parser Pipeline...
insertResult debug: {"command":"INSERT","rowCount":1,"oid":0,"rows":[{"id":"b0b2cdb1-4abc-4c65-a31f-82279b89f8da"}],"fields":[{"name":"id","tableID":51914,"columnID":1,"dataTypeID":2950,"dataTypeSize":16,"dataTypeModifier":-1,"format":"text"}],"_parsers":[null],"_types":{},"RowCtor":null,"rowAsArray":false,"_prebuiltEmptyResultObject":{"id":null}}
[MANIFEST PARSER INFO] Registered app: Reference Expenses Tracker (reference-expenses)
insertResult debug: {"command":"INSERT","rowCount":1,"oid":0,"rows":[{"id":"495f8ecb-fdda-4630-a7d0-a8173f89f7f1"}],"fields":[{"name":"id","tableID":51914,"columnID":1,"dataTypeID":2950,"dataTypeSize":16,"dataTypeModifier":-1,"format":"text"}],"_parsers":[null],"_types":{},"RowCtor":null,"rowAsArray":false,"_prebuiltEmptyResultObject":{"id":null}}
[MANIFEST PARSER INFO] Registered app: Manager Operations Dashboard (manager-operations)
insertResult debug: {"command":"INSERT","rowCount":1,"oid":0,"rows":[{"id":"d708d316-c4e3-4933-985d-1e441bbe6d35"}],"fields":[{"name":"id","tableID":51914,"columnID":1,"dataTypeID":2950,"dataTypeSize":16,"dataTypeModifier":-1,"format":"text"}],"_parsers":[null],"_types":{},"RowCtor":null,"rowAsArray":false,"_prebuiltEmptyResultObject":{"id":null}}
[MANIFEST PARSER INFO] Registered app: Apex Expense Claims (apex-expenses)
insertResult debug: {"command":"INSERT","rowCount":1,"oid":0,"rows":[{"id":"a1b1d05d-cff3-4041-b34b-4ef9373ae4a8"}],"fields":[{"name":"id","tableID":51914,"columnID":1,"dataTypeID":2950,"dataTypeSize":16,"dataTypeModifier":-1,"format":"text"}],"_parsers":[null],"_types":{},"RowCtor":null,"rowAsArray":false,"_prebuiltEmptyResultObject":{"id":null}}
[MANIFEST PARSER INFO] Registered app: Employee directory (employees)
insertResult debug: {"command":"INSERT","rowCount":1,"oid":0,"rows":[{"id":"6bad03a4-1de6-48ca-8471-32f26d3fea5d"}],"fields":[{"name":"id","tableID":51914,"columnID":1,"dataTypeID":2950,"dataTypeSize":16,"dataTypeModifier":-1,"format":"text"}],"_parsers":[null],"_types":{},"RowCtor":null,"rowAsArray":false,"_prebuiltEmptyResultObject":{"id":null}}
[MANIFEST PARSER INFO] Registered app: Billing operations (billing)
insertResult debug: {"command":"INSERT","rowCount":1,"oid":0,"rows":[{"id":"c06daf13-926b-46ef-81d5-dec517b3f0a3"}],"fields":[{"name":"id","tableID":51914,"columnID":1,"dataTypeID":2950,"dataTypeSize":16,"dataTypeModifier":-1,"format":"text"}],"_parsers":[null],"_types":{},"RowCtor":null,"rowAsArray":false,"_prebuiltEmptyResultObject":{"id":null}}
[MANIFEST PARSER INFO] Registered app: Nexus IT Provisioning (nexus-provisioning)
insertResult debug: {"command":"INSERT","rowCount":1,"oid":0,"rows":[{"id":"8a39b179-a865-4fdd-83ea-4255343c69f0"}],"fields":[{"name":"id","tableID":51914,"columnID":1,"dataTypeID":2950,"dataTypeSize":16,"dataTypeModifier":-1,"format":"text"}],"_parsers":[null],"_types":{},"RowCtor":null,"rowAsArray":false,"_prebuiltEmptyResultObject":{"id":null}}
[MANIFEST PARSER INFO] Registered app: Isolated Example App (example-forge-app)
insertResult debug: {"command":"INSERT","rowCount":1,"oid":0,"rows":[{"id":"9854e2f7-f59d-431e-bbb1-9b1968f8424c"}],"fields":[{"name":"id","tableID":51914,"columnID":1,"dataTypeID":2950,"dataTypeSize":16,"dataTypeModifier":-1,"format":"text"}],"_parsers":[null],"_types":{},"RowCtor":null,"rowAsArray":false,"_prebuiltEmptyResultObject":{"id":null}}
[MANIFEST PARSER INFO] Registered app: Reference Python Application (reference-python)
insertResult debug: {"command":"INSERT","rowCount":1,"oid":0,"rows":[{"id":"4645c18e-d3ce-4da1-994a-fc9708467c00"}],"fields":[{"name":"id","tableID":51914,"columnID":1,"dataTypeID":2950,"dataTypeSize":16,"dataTypeModifier":-1,"format":"text"}],"_parsers":[null],"_types":{},"RowCtor":null,"rowAsArray":false,"_prebuiltEmptyResultObject":{"id":null}}
[MANIFEST PARSER INFO] Registered app: Telemetry Dashboard (telemetry-dashboard)
insertResult debug: {"command":"INSERT","rowCount":1,"oid":0,"rows":[{"id":"7f97641b-316e-4de7-b628-85bf346112b4"}],"fields":[{"name":"id","tableID":51914,"columnID":1,"dataTypeID":2950,"dataTypeSize":16,"dataTypeModifier":-1,"format":"text"}],"_parsers":[null],"_types":{},"RowCtor":null,"rowAsArray":false,"_prebuiltEmptyResultObject":{"id":null}}
[MANIFEST PARSER INFO] Registered app: Reference Go Application (reference-go)
[2026-06-21T09:33:39.296Z] [INFO] Apps Scanned and Synced (User: 7558b94e-64c9-48b1-a3b8-13f6c22583f3) [IP: 127.0.0.1] - Payload: {"count":10}
(pass) SG Forge Sprint B Integration Tests > 1. Scan & Sync Manifests: Discover new runtimes [796.08ms]
(pass) SG Forge Sprint B Integration Tests > 2. Admin Apps List GET Access Control [4.31ms]
[2026-06-21T09:33:39.366Z] [WARN] App Disabled (User: 7558b94e-64c9-48b1-a3b8-13f6c22583f3) [IP: 127.0.0.1] - Payload: {"appId":"c06daf13-926b-46ef-81d5-dec517b3f0a3"}
[2026-06-21T09:33:39.426Z] [WARN] App Enabled (User: 7558b94e-64c9-48b1-a3b8-13f6c22583f3) [IP: 127.0.0.1] - Payload: {"appId":"c06daf13-926b-46ef-81d5-dec517b3f0a3"}
(pass) SG Forge Sprint B Integration Tests > 3. Disable App Flow disables Handshake [139.49ms]
(pass) SG Forge Sprint B Integration Tests > 4. Token Exchange, Scope Enforcement, & User profile Directory API [134.13ms]
(pass) SG Forge Sprint B Integration Tests > 5. Audit Log writeback API scope enforcement [92.21ms]
[HEALTH CHECK] Starting periodic health monitoring cycle...
[HEALTH CHECK] App "Isolated Example App" (example-forge-app) status 503 -> DEGRADED
[HEALTH CHECK] App "Reference Python Application" (reference-python) responds in 0ms -> ACTIVE
[HEALTH CHECK] App "Telemetry Dashboard" (telemetry-dashboard) responds in 1ms -> ACTIVE
[HEALTH CHECK] App "Reference Expenses Tracker" (reference-expenses) responds in 1ms -> ACTIVE
[HEALTH CHECK] App "Manager Operations Dashboard" (manager-operations) is a local/static component -> ACTIVE
[HEALTH CHECK] App "Apex Expense Claims" (apex-expenses) status 503 -> DEGRADED
[HEALTH CHECK] App "Reference Go Application" (reference-go) responds in 0ms -> ACTIVE
[HEALTH CHECK] App "Employee directory" (employees) is a local/static component -> ACTIVE
[HEALTH CHECK] App "Nexus IT Provisioning" (nexus-provisioning) status 503 -> DEGRADED
[HEALTH CHECK] App "Billing operations" (billing) is a local/static component -> ACTIVE
[HEALTH CHECK] Health monitoring cycle completed.
(pass) SG Forge Sprint B Integration Tests > 6. Health Checker telemetry runHealthCheck [312.67ms]

test/integration/org-hierarchy-marketplace.test.ts:
(pass) Enterprise Hierarchy, Circular Loops, Entitlements & Marketplace Tests > 1. Circular reporting prevention trigger (Users) [3.87ms]
(pass) Enterprise Hierarchy, Circular Loops, Entitlements & Marketplace Tests > 2. Circular node reference prevention trigger (Org Nodes) [13.94ms]
(pass) Enterprise Hierarchy, Circular Loops, Entitlements & Marketplace Tests > 2b. Admin separation constraints trigger [153.41ms]
(pass) Enterprise Hierarchy, Circular Loops, Entitlements & Marketplace Tests > 3. Reporting relationship query (Recursive Line Management verification) [7.49ms]
(pass) Enterprise Hierarchy, Circular Loops, Entitlements & Marketplace Tests > 4. Granular Entitlements Engine (Deny-Overrides-Grant Logic) [103.67ms]
(pass) Enterprise Hierarchy, Circular Loops, Entitlements & Marketplace Tests > 5. Marketplace request-access & approval workflow [99.09ms]
(pass) Enterprise Hierarchy, Circular Loops, Entitlements & Marketplace Tests > 6. Retrieve hierarchy nodes and active projects for marketplace pre-fills [6.95ms]
(pass) Enterprise Hierarchy, Circular Loops, Entitlements & Marketplace Tests > 7. Entitlements audit, listing, and administrative revocation [33.69ms]

test/integration/security.test.ts:
(pass) Forge Portal Security Integration Tests > P0.1: Handshake and Proxy Privilege Escalation Checks > validateAppAccess directly flags Charlie Brown as unauthorized and Alice as authorized [3.47ms]
(pass) Forge Portal Security Integration Tests > P0.1: Handshake and Proxy Privilege Escalation Checks > Handshake Endpoint: Charlie Brown gets 403, Alice Smith gets 200 [34.26ms]
API proxy offline for nexus-provisioning to http://localhost:8081/web-ui/. Serving simulated JSON fallback. Unable to connect. Is the computer able to access the url?
(pass) Forge Portal Security Integration Tests > P0.1: Handshake and Proxy Privilege Escalation Checks > Proxy Endpoint: Charlie Brown gets 403, Alice Smith gets 200/404/fallback [5.95ms]
[2026-06-21T09:33:40.857Z] [WARN] SQL Query Forbidden Attempt (User: df02eb37-0266-445f-983e-2a9a2709c199) [IP: 127.0.0.1] - Payload: {"role":"user","query":"SELECT * FROM users;"}
(pass) Forge Portal Security Integration Tests > P0.2: SQL Workbench Raw Injection and Role Lock Checks > Query Endpoint: Non-super_admin user (Alice) gets 403 Forbidden [29.67ms]
DeprecationWarning: Calling client.query() when the client is already executing a query is deprecated and will be removed in pg@9.0. Use async/await or an external async flow control mechanism instead.
      at <anonymous> (internal:util/deprecate:11:28)
      at deprecated (internal:util/deprecate:20:29)
      at query (/home/sanket/Desktop/Sanket/org_website/node_modules/pg/lib/client.js:709:7)
      at <anonymous> (/home/sanket/Desktop/Sanket/org_website/node_modules/pg-pool/index.js:467:16)
      at _acquireClient (/home/sanket/Desktop/Sanket/org_website/node_modules/pg-pool/index.js:357:21)
      at _handleReadyForQuery (/home/sanket/Desktop/Sanket/org_website/node_modules/pg/lib/client.js:370:14)
      at emit (node:events:95:22)
      at <anonymous> (/home/sanket/Desktop/Sanket/org_website/node_modules/pg/lib/connection.js:115:12)
      at parse (/home/sanket/Desktop/Sanket/org_website/node_modules/pg-protocol/dist/parser.js:38:17)

[2026-06-21T09:33:40.896Z] [INFO] SQL Query Executed (User: 7558b94e-64c9-48b1-a3b8-13f6c22583f3) [IP: 127.0.0.1] - Payload: {"query":"SELECT id, name FROM users LIMIT 1;","role":"super_admin"}
(pass) Forge Portal Security Integration Tests > P0.2: SQL Workbench Raw Injection and Role Lock Checks > Query Endpoint: Super Admin user gets 200 OK [35.83ms]
(pass) Forge Portal Security Integration Tests > P0.2: SQL Workbench Raw Injection and Role Lock Checks > roDb Connection Pool: Restricts write operations [1.83ms]

test/integration/forge-sprint-a.test.ts:
Running App Manifest Parser Pipeline...
insertResult debug: {"command":"INSERT","rowCount":1,"oid":0,"rows":[{"id":"b0b2cdb1-4abc-4c65-a31f-82279b89f8da"}],"fields":[{"name":"id","tableID":51914,"columnID":1,"dataTypeID":2950,"dataTypeSize":16,"dataTypeModifier":-1,"format":"text"}],"_parsers":[null],"_types":{},"RowCtor":null,"rowAsArray":false,"_prebuiltEmptyResultObject":{"id":null}}
[MANIFEST PARSER INFO] Registered app: Reference Expenses Tracker (reference-expenses)
[Telemetry Sync] Connecting to proxy telemetry stream on port 3003...
insertResult debug: {"command":"INSERT","rowCount":1,"oid":0,"rows":[{"id":"495f8ecb-fdda-4630-a7d0-a8173f89f7f1"}],"fields":[{"name":"id","tableID":51914,"columnID":1,"dataTypeID":2950,"dataTypeSize":16,"dataTypeModifier":-1,"format":"text"}],"_parsers":[null],"_types":{},"RowCtor":null,"rowAsArray":false,"_prebuiltEmptyResultObject":{"id":null}}
[MANIFEST PARSER INFO] Registered app: Manager Operations Dashboard (manager-operations)
insertResult debug: {"command":"INSERT","rowCount":1,"oid":0,"rows":[{"id":"d708d316-c4e3-4933-985d-1e441bbe6d35"}],"fields":[{"name":"id","tableID":51914,"columnID":1,"dataTypeID":2950,"dataTypeSize":16,"dataTypeModifier":-1,"format":"text"}],"_parsers":[null],"_types":{},"RowCtor":null,"rowAsArray":false,"_prebuiltEmptyResultObject":{"id":null}}
[MANIFEST PARSER INFO] Registered app: Apex Expense Claims (apex-expenses)
insertResult debug: {"command":"INSERT","rowCount":1,"oid":0,"rows":[{"id":"a1b1d05d-cff3-4041-b34b-4ef9373ae4a8"}],"fields":[{"name":"id","tableID":51914,"columnID":1,"dataTypeID":2950,"dataTypeSize":16,"dataTypeModifier":-1,"format":"text"}],"_parsers":[null],"_types":{},"RowCtor":null,"rowAsArray":false,"_prebuiltEmptyResultObject":{"id":null}}
[MANIFEST PARSER INFO] Registered app: Employee directory (employees)
insertResult debug: {"command":"INSERT","rowCount":1,"oid":0,"rows":[{"id":"6bad03a4-1de6-48ca-8471-32f26d3fea5d"}],"fields":[{"name":"id","tableID":51914,"columnID":1,"dataTypeID":2950,"dataTypeSize":16,"dataTypeModifier":-1,"format":"text"}],"_parsers":[null],"_types":{},"RowCtor":null,"rowAsArray":false,"_prebuiltEmptyResultObject":{"id":null}}
[MANIFEST PARSER INFO] Registered app: Billing operations (billing)
insertResult debug: {"command":"INSERT","rowCount":1,"oid":0,"rows":[{"id":"c06daf13-926b-46ef-81d5-dec517b3f0a3"}],"fields":[{"name":"id","tableID":51914,"columnID":1,"dataTypeID":2950,"dataTypeSize":16,"dataTypeModifier":-1,"format":"text"}],"_parsers":[null],"_types":{},"RowCtor":null,"rowAsArray":false,"_prebuiltEmptyResultObject":{"id":null}}
[MANIFEST PARSER INFO] Registered app: Nexus IT Provisioning (nexus-provisioning)
insertResult debug: {"command":"INSERT","rowCount":1,"oid":0,"rows":[{"id":"8a39b179-a865-4fdd-83ea-4255343c69f0"}],"fields":[{"name":"id","tableID":51914,"columnID":1,"dataTypeID":2950,"dataTypeSize":16,"dataTypeModifier":-1,"format":"text"}],"_parsers":[null],"_types":{},"RowCtor":null,"rowAsArray":false,"_prebuiltEmptyResultObject":{"id":null}}
[MANIFEST PARSER INFO] Registered app: Isolated Example App (example-forge-app)
insertResult debug: {"command":"INSERT","rowCount":1,"oid":0,"rows":[{"id":"9854e2f7-f59d-431e-bbb1-9b1968f8424c"}],"fields":[{"name":"id","tableID":51914,"columnID":1,"dataTypeID":2950,"dataTypeSize":16,"dataTypeModifier":-1,"format":"text"}],"_parsers":[null],"_types":{},"RowCtor":null,"rowAsArray":false,"_prebuiltEmptyResultObject":{"id":null}}
[MANIFEST PARSER INFO] Registered app: Reference Python Application (reference-python)
insertResult debug: {"command":"INSERT","rowCount":1,"oid":0,"rows":[{"id":"4645c18e-d3ce-4da1-994a-fc9708467c00"}],"fields":[{"name":"id","tableID":51914,"columnID":1,"dataTypeID":2950,"dataTypeSize":16,"dataTypeModifier":-1,"format":"text"}],"_parsers":[null],"_types":{},"RowCtor":null,"rowAsArray":false,"_prebuiltEmptyResultObject":{"id":null}}
[MANIFEST PARSER INFO] Registered app: Telemetry Dashboard (telemetry-dashboard)
insertResult debug: {"command":"INSERT","rowCount":1,"oid":0,"rows":[{"id":"7f97641b-316e-4de7-b628-85bf346112b4"}],"fields":[{"name":"id","tableID":51914,"columnID":1,"dataTypeID":2950,"dataTypeSize":16,"dataTypeModifier":-1,"format":"text"}],"_parsers":[null],"_types":{},"RowCtor":null,"rowAsArray":false,"_prebuiltEmptyResultObject":{"id":null}}
[MANIFEST PARSER INFO] Registered app: Reference Go Application (reference-go)
[MANIFEST PARSER INFO] Removing obsolete/invalid app from database registry: entitlements-test
(pass) SG Forge Sprint A Integration Tests > 1. App Manifest v2 should synchronize and generate clientId/clientSecret [1.66ms]
(pass) SG Forge Sprint A Integration Tests > 2. Permission Engine resolves hierarchical roles via recursive CTE [6.61ms]
(pass) SG Forge Sprint A Integration Tests > 3. Handshake Route - Code Generation & Cookie Verification [115.70ms]
(pass) SG Forge Sprint A Integration Tests > 4. Auth Exchange Route - Successful flow & token verification [67.60ms]
(pass) SG Forge Sprint A Integration Tests > 5. Auth Exchange Route - Invalid Client Credentials [32.06ms]
(pass) SG Forge Sprint A Integration Tests > 6. User Profile Route - Bearer token & scope access enforcement [94.76ms]
(pass) SG Forge Sprint A Integration Tests > 7. Audit Log Route - Scope permission enforcement [92.16ms]

test/integration/authGuard.test.ts:
(pass) Middleware Authentication Guard Pipeline > Redirects to /login if there is no session token [0.88ms]
DEBUG_RENEW: {
  path: "/dashboard",
  hasSessionData: true,
  timeRemaining: 7200,
  shouldRenew: false,
}
(pass) Middleware Authentication Guard Pipeline > Redirects to /force-reset if password is not changed and path is not /force-reset [0.90ms]
DEBUG_RENEW: {
  path: "/dashboard",
  hasSessionData: true,
  timeRemaining: 7200,
  shouldRenew: false,
}
(pass) Middleware Authentication Guard Pipeline > Allows request to proceed if password is changed [0.71ms]
(pass) Middleware Authentication Guard Pipeline > Allows public access to /developer route without a session when request has proxy header [0.15ms]
(pass) Middleware Authentication Guard Pipeline > Redirects direct /developer access to port 3003 [0.14ms]
(pass) Middleware Authentication Guard Pipeline > Allows public access to /api/apps without a session [0.12ms]
(pass) Middleware Authentication Guard Pipeline > Allows public access to GET /api/admin/metadata without a session [0.12ms]
DEBUG_RENEW: {
  path: "/dashboard",
  hasSessionData: true,
  timeRemaining: 7200,
  shouldRenew: false,
}
(pass) Middleware Authentication Guard Pipeline > Sliding Session: Does not renew cookie if token is fresh (e.g. 2h remaining) [0.61ms]
DEBUG_RENEW: {
  path: "/dashboard",
  hasSessionData: true,
  timeRemaining: 7200,
  shouldRenew: false,
}
261 |     expect(response.status).toBe(200);
262 | 
263 |     // Response MUST contain a Set-Cookie header updating session_token
264 |     const cookiesList = response.cookies.getAll();
265 |     const renewedCookie = cookiesList.find(c => c.name === "session_token");
266 |     expect(renewedCookie).toBeDefined();
                                ^
error: expect(received).toBeDefined()

Received: undefined

      at <anonymous> (/home/sanket/Desktop/Sanket/org_website/test/integration/authGuard.test.ts:266:27)
(fail) Middleware Authentication Guard Pipeline > Sliding Session: Renews cookie if token is near expiration (e.g. 10m remaining) [0.87ms]

test/integration/example-forge-app.test.ts:
Running App Manifest Parser Pipeline...
insertResult debug: {"command":"INSERT","rowCount":1,"oid":0,"rows":[{"id":"b0b2cdb1-4abc-4c65-a31f-82279b89f8da"}],"fields":[{"name":"id","tableID":51914,"columnID":1,"dataTypeID":2950,"dataTypeSize":16,"dataTypeModifier":-1,"format":"text"}],"_parsers":[null],"_types":{},"RowCtor":null,"rowAsArray":false,"_prebuiltEmptyResultObject":{"id":null}}
[MANIFEST PARSER INFO] Registered app: Reference Expenses Tracker (reference-expenses)
insertResult debug: {"command":"INSERT","rowCount":1,"oid":0,"rows":[{"id":"495f8ecb-fdda-4630-a7d0-a8173f89f7f1"}],"fields":[{"name":"id","tableID":51914,"columnID":1,"dataTypeID":2950,"dataTypeSize":16,"dataTypeModifier":-1,"format":"text"}],"_parsers":[null],"_types":{},"RowCtor":null,"rowAsArray":false,"_prebuiltEmptyResultObject":{"id":null}}
[MANIFEST PARSER INFO] Registered app: Manager Operations Dashboard (manager-operations)
insertResult debug: {"command":"INSERT","rowCount":1,"oid":0,"rows":[{"id":"d708d316-c4e3-4933-985d-1e441bbe6d35"}],"fields":[{"name":"id","tableID":51914,"columnID":1,"dataTypeID":2950,"dataTypeSize":16,"dataTypeModifier":-1,"format":"text"}],"_parsers":[null],"_types":{},"RowCtor":null,"rowAsArray":false,"_prebuiltEmptyResultObject":{"id":null}}
[MANIFEST PARSER INFO] Registered app: Apex Expense Claims (apex-expenses)
insertResult debug: {"command":"INSERT","rowCount":1,"oid":0,"rows":[{"id":"a1b1d05d-cff3-4041-b34b-4ef9373ae4a8"}],"fields":[{"name":"id","tableID":51914,"columnID":1,"dataTypeID":2950,"dataTypeSize":16,"dataTypeModifier":-1,"format":"text"}],"_parsers":[null],"_types":{},"RowCtor":null,"rowAsArray":false,"_prebuiltEmptyResultObject":{"id":null}}
[MANIFEST PARSER INFO] Registered app: Employee directory (employees)
insertResult debug: {"command":"INSERT","rowCount":1,"oid":0,"rows":[{"id":"6bad03a4-1de6-48ca-8471-32f26d3fea5d"}],"fields":[{"name":"id","tableID":51914,"columnID":1,"dataTypeID":2950,"dataTypeSize":16,"dataTypeModifier":-1,"format":"text"}],"_parsers":[null],"_types":{},"RowCtor":null,"rowAsArray":false,"_prebuiltEmptyResultObject":{"id":null}}
[MANIFEST PARSER INFO] Registered app: Billing operations (billing)
insertResult debug: {"command":"INSERT","rowCount":1,"oid":0,"rows":[{"id":"c06daf13-926b-46ef-81d5-dec517b3f0a3"}],"fields":[{"name":"id","tableID":51914,"columnID":1,"dataTypeID":2950,"dataTypeSize":16,"dataTypeModifier":-1,"format":"text"}],"_parsers":[null],"_types":{},"RowCtor":null,"rowAsArray":false,"_prebuiltEmptyResultObject":{"id":null}}
[MANIFEST PARSER INFO] Registered app: Nexus IT Provisioning (nexus-provisioning)
insertResult debug: {"command":"INSERT","rowCount":1,"oid":0,"rows":[{"id":"8a39b179-a865-4fdd-83ea-4255343c69f0"}],"fields":[{"name":"id","tableID":51914,"columnID":1,"dataTypeID":2950,"dataTypeSize":16,"dataTypeModifier":-1,"format":"text"}],"_parsers":[null],"_types":{},"RowCtor":null,"rowAsArray":false,"_prebuiltEmptyResultObject":{"id":null}}
[MANIFEST PARSER INFO] Registered app: Isolated Example App (example-forge-app)
insertResult debug: {"command":"INSERT","rowCount":1,"oid":0,"rows":[{"id":"9854e2f7-f59d-431e-bbb1-9b1968f8424c"}],"fields":[{"name":"id","tableID":51914,"columnID":1,"dataTypeID":2950,"dataTypeSize":16,"dataTypeModifier":-1,"format":"text"}],"_parsers":[null],"_types":{},"RowCtor":null,"rowAsArray":false,"_prebuiltEmptyResultObject":{"id":null}}
[MANIFEST PARSER INFO] Registered app: Reference Python Application (reference-python)
insertResult debug: {"command":"INSERT","rowCount":1,"oid":0,"rows":[{"id":"4645c18e-d3ce-4da1-994a-fc9708467c00"}],"fields":[{"name":"id","tableID":51914,"columnID":1,"dataTypeID":2950,"dataTypeSize":16,"dataTypeModifier":-1,"format":"text"}],"_parsers":[null],"_types":{},"RowCtor":null,"rowAsArray":false,"_prebuiltEmptyResultObject":{"id":null}}
[MANIFEST PARSER INFO] Registered app: Telemetry Dashboard (telemetry-dashboard)
insertResult debug: {"command":"INSERT","rowCount":1,"oid":0,"rows":[{"id":"7f97641b-316e-4de7-b628-85bf346112b4"}],"fields":[{"name":"id","tableID":51914,"columnID":1,"dataTypeID":2950,"dataTypeSize":16,"dataTypeModifier":-1,"format":"text"}],"_parsers":[null],"_types":{},"RowCtor":null,"rowAsArray":false,"_prebuiltEmptyResultObject":{"id":null}}
[MANIFEST PARSER INFO] Registered app: Reference Go Application (reference-go)
[2026-06-21T09:33:42.185Z] [INFO] Apps Scanned and Synced (User: 7558b94e-64c9-48b1-a3b8-13f6c22583f3) [IP: 127.0.0.1] - Payload: {"count":10}
(pass) SG Forge Example App Integration Tests > 1. Scan & Sync Manifests: Discover and Register example-forge-app [427.08ms]
(pass) SG Forge Example App Integration Tests > 2. Secure OAuth Code Generation (Handshake) [34.58ms]
(pass) SG Forge Example App Integration Tests > 3. Token Exchange and User Directory Scope Authentication [88.75ms]
(pass) SG Forge Example App Integration Tests > 4. SSO Authorize Endpoint: Redirect to Login when Unauthenticated [0.81ms]
(pass) SG Forge Example App Integration Tests > 5. SSO Authorize Endpoint: Redirect with code when Authenticated & Entitled [40.00ms]

test/integration/forge-apps-allocation.test.ts:
(pass) Forge App Resolution Security Engine Tests > Should accurately match app availability based on target rule configurations [0.09ms]
(pass) Forge App Resolution Security Engine Tests > Should properly convert designations to numerical job levels [0.09ms]
Running App Manifest Parser Pipeline...
insertResult debug: {"command":"INSERT","rowCount":1,"oid":0,"rows":[{"id":"b0b2cdb1-4abc-4c65-a31f-82279b89f8da"}],"fields":[{"name":"id","tableID":51914,"columnID":1,"dataTypeID":2950,"dataTypeSize":16,"dataTypeModifier":-1,"format":"text"}],"_parsers":[null],"_types":{},"RowCtor":null,"rowAsArray":false,"_prebuiltEmptyResultObject":{"id":null}}
[MANIFEST PARSER INFO] Registered app: Reference Expenses Tracker (reference-expenses)
insertResult debug: {"command":"INSERT","rowCount":1,"oid":0,"rows":[{"id":"495f8ecb-fdda-4630-a7d0-a8173f89f7f1"}],"fields":[{"name":"id","tableID":51914,"columnID":1,"dataTypeID":2950,"dataTypeSize":16,"dataTypeModifier":-1,"format":"text"}],"_parsers":[null],"_types":{},"RowCtor":null,"rowAsArray":false,"_prebuiltEmptyResultObject":{"id":null}}
[MANIFEST PARSER INFO] Registered app: Manager Operations Dashboard (manager-operations)
insertResult debug: {"command":"INSERT","rowCount":1,"oid":0,"rows":[{"id":"d708d316-c4e3-4933-985d-1e441bbe6d35"}],"fields":[{"name":"id","tableID":51914,"columnID":1,"dataTypeID":2950,"dataTypeSize":16,"dataTypeModifier":-1,"format":"text"}],"_parsers":[null],"_types":{},"RowCtor":null,"rowAsArray":false,"_prebuiltEmptyResultObject":{"id":null}}
[MANIFEST PARSER INFO] Registered app: Apex Expense Claims (apex-expenses)
insertResult debug: {"command":"INSERT","rowCount":1,"oid":0,"rows":[{"id":"a1b1d05d-cff3-4041-b34b-4ef9373ae4a8"}],"fields":[{"name":"id","tableID":51914,"columnID":1,"dataTypeID":2950,"dataTypeSize":16,"dataTypeModifier":-1,"format":"text"}],"_parsers":[null],"_types":{},"RowCtor":null,"rowAsArray":false,"_prebuiltEmptyResultObject":{"id":null}}
[MANIFEST PARSER INFO] Registered app: Employee directory (employees)
insertResult debug: {"command":"INSERT","rowCount":1,"oid":0,"rows":[{"id":"6bad03a4-1de6-48ca-8471-32f26d3fea5d"}],"fields":[{"name":"id","tableID":51914,"columnID":1,"dataTypeID":2950,"dataTypeSize":16,"dataTypeModifier":-1,"format":"text"}],"_parsers":[null],"_types":{},"RowCtor":null,"rowAsArray":false,"_prebuiltEmptyResultObject":{"id":null}}
[MANIFEST PARSER INFO] Registered app: Billing operations (billing)
insertResult debug: {"command":"INSERT","rowCount":1,"oid":0,"rows":[{"id":"c06daf13-926b-46ef-81d5-dec517b3f0a3"}],"fields":[{"name":"id","tableID":51914,"columnID":1,"dataTypeID":2950,"dataTypeSize":16,"dataTypeModifier":-1,"format":"text"}],"_parsers":[null],"_types":{},"RowCtor":null,"rowAsArray":false,"_prebuiltEmptyResultObject":{"id":null}}
[MANIFEST PARSER INFO] Registered app: Nexus IT Provisioning (nexus-provisioning)
insertResult debug: {"command":"INSERT","rowCount":1,"oid":0,"rows":[{"id":"8a39b179-a865-4fdd-83ea-4255343c69f0"}],"fields":[{"name":"id","tableID":51914,"columnID":1,"dataTypeID":2950,"dataTypeSize":16,"dataTypeModifier":-1,"format":"text"}],"_parsers":[null],"_types":{},"RowCtor":null,"rowAsArray":false,"_prebuiltEmptyResultObject":{"id":null}}
[MANIFEST PARSER INFO] Registered app: Isolated Example App (example-forge-app)
insertResult debug: {"command":"INSERT","rowCount":1,"oid":0,"rows":[{"id":"9854e2f7-f59d-431e-bbb1-9b1968f8424c"}],"fields":[{"name":"id","tableID":51914,"columnID":1,"dataTypeID":2950,"dataTypeSize":16,"dataTypeModifier":-1,"format":"text"}],"_parsers":[null],"_types":{},"RowCtor":null,"rowAsArray":false,"_prebuiltEmptyResultObject":{"id":null}}
[MANIFEST PARSER INFO] Registered app: Reference Python Application (reference-python)
insertResult debug: {"command":"INSERT","rowCount":1,"oid":0,"rows":[{"id":"4645c18e-d3ce-4da1-994a-fc9708467c00"}],"fields":[{"name":"id","tableID":51914,"columnID":1,"dataTypeID":2950,"dataTypeSize":16,"dataTypeModifier":-1,"format":"text"}],"_parsers":[null],"_types":{},"RowCtor":null,"rowAsArray":false,"_prebuiltEmptyResultObject":{"id":null}}
[MANIFEST PARSER INFO] Registered app: Telemetry Dashboard (telemetry-dashboard)
insertResult debug: {"command":"INSERT","rowCount":1,"oid":0,"rows":[{"id":"7f97641b-316e-4de7-b628-85bf346112b4"}],"fields":[{"name":"id","tableID":51914,"columnID":1,"dataTypeID":2950,"dataTypeSize":16,"dataTypeModifier":-1,"format":"text"}],"_parsers":[null],"_types":{},"RowCtor":null,"rowAsArray":false,"_prebuiltEmptyResultObject":{"id":null}}
[MANIFEST PARSER INFO] Registered app: Reference Go Application (reference-go)
(pass) Forge App Resolution Security Engine Tests > Should match apps correctly based on user designations and verticals [469.16ms]

1 tests failed:
(fail) Middleware Authentication Guard Pipeline > Sliding Session: Renews cookie if token is near expiration (e.g. 10m remaining) [0.87ms]

 100 pass
 1 fail
 369 expect() calls
Ran 101 tests across 18 files. [5.01s]
